Enter tower size: 
  █     |     |  
 ███    |     |  
█████   |     |  
_____ _____ _____
 [1]   [2]   [3] 

Enter source and destination stacks: 
  |     |     |  
 ███    |     |  
█████   █     |  
_____ _____ _____
 [1]   [2]   [3] 

Enter source and destination stacks: 